
===========================================================================
 report_power
============================================================================
======================= nom_tt_025C_3v30 Corner ===================================

Group                    Internal    Switching      Leakage        Total
                            Power        Power        Power        Power (Watts)
------------------------------------------------------------------------
Sequential           3.371597e-02 4.910629e-05 9.372677e-07 3.376602e-02  57.2%
Combinational        1.328810e-03 2.687964e-03 1.364732e-06 4.018139e-03   6.8%
Clock                8.419752e-03 1.287161e-02 6.771338e-07 2.129204e-02  36.0%
Macro                0.000000e+00 0.000000e+00 0.000000e+00 0.000000e+00   0.0%
Pad                  0.000000e+00 0.000000e+00 0.000000e+00 0.000000e+00   0.0%
------------------------------------------------------------------------
Total                4.346456e-02 1.560870e-02 2.979336e-06 5.907623e-02 100.0%
                            73.6%        26.4%         0.0%

